MPLINK 5.08, LINKER
Linker Map File - Created Sun May 13 19:11:57 2018

                                 Section Info
                  Section       Type    Address   Location Size(Bytes)
                ---------  ---------  ---------  ---------  ---------
                   .org_0       code   0x000000    program   0x000052
                   .cinit    romdata   0x000052    program   0x000002
.config_300001_BUILD/DEFAULT/PRODUCTION/NEWASMT    romdata   0x300001    program   0x000001
.config_300003_BUILD/DEFAULT/PRODUCTION/NEWASMT    romdata   0x300003    program   0x000001
.config_300006_BUILD/DEFAULT/PRODUCTION/NEWASMT    romdata   0x300006    program   0x000001



                              Program Memory Usage 
                               Start         End      
                           ---------   ---------      
                            0x000000    0x000053      
                            0x300001    0x300001      
                            0x300003    0x300003      
                            0x300006    0x300006      
            87 out of 132120 program addresses used, program memory utilization is 0%



                              Symbols - Sorted by Name
                     Name    Address   Location    Storage File                     
                ---------  ---------  ---------  --------- ---------                
                       L1   0x000004    program     static /Users/Aarambh/Documents/HDD RECOVERY/MPLABXProjects/aarambhsinha.X/newAsmTemplate.asm
                       L2   0x000026    program     static /Users/Aarambh/Documents/HDD RECOVERY/MPLABXProjects/aarambhsinha.X/newAsmTemplate.asm
                       L3   0x00002a    program     static /Users/Aarambh/Documents/HDD RECOVERY/MPLABXProjects/aarambhsinha.X/newAsmTemplate.asm
                       L4   0x00002e    program     static /Users/Aarambh/Documents/HDD RECOVERY/MPLABXProjects/aarambhsinha.X/newAsmTemplate.asm
                       L5   0x000032    program     static /Users/Aarambh/Documents/HDD RECOVERY/MPLABXProjects/aarambhsinha.X/newAsmTemplate.asm



                              Symbols - Sorted by Address
                     Name    Address   Location    Storage File                     
                ---------  ---------  ---------  --------- ---------                
                       L1   0x000004    program     static /Users/Aarambh/Documents/HDD RECOVERY/MPLABXProjects/aarambhsinha.X/newAsmTemplate.asm
                       L2   0x000026    program     static /Users/Aarambh/Documents/HDD RECOVERY/MPLABXProjects/aarambhsinha.X/newAsmTemplate.asm
                       L3   0x00002a    program     static /Users/Aarambh/Documents/HDD RECOVERY/MPLABXProjects/aarambhsinha.X/newAsmTemplate.asm
                       L4   0x00002e    program     static /Users/Aarambh/Documents/HDD RECOVERY/MPLABXProjects/aarambhsinha.X/newAsmTemplate.asm
                       L5   0x000032    program     static /Users/Aarambh/Documents/HDD RECOVERY/MPLABXProjects/aarambhsinha.X/newAsmTemplate.asm


