MPLINK 5.08, LINKER
Linker Map File - Created Sun May 13 19:24:43 2018

                                 Section Info
                  Section       Type    Address   Location Size(Bytes)
                ---------  ---------  ---------  ---------  ---------
                   .org_0       code   0x000000    program   0x000058
                   .cinit    romdata   0x000058    program   0x000002
.config_300001_BUILD/DEFAULT/PRODUCTION/Q1.O    romdata   0x300001    program   0x000001
.config_300003_BUILD/DEFAULT/PRODUCTION/Q1.O    romdata   0x300003    program   0x000001
.config_300006_BUILD/DEFAULT/PRODUCTION/Q1.O    romdata   0x300006    program   0x000001



                              Program Memory Usage 
                               Start         End      
                           ---------   ---------      
                            0x000000    0x000059      
                            0x300001    0x300001      
                            0x300003    0x300003      
                            0x300006    0x300006      
            93 out of 132120 program addresses used, program memory utilization is 0%



                              Symbols - Sorted by Name
                     Name    Address   Location    Storage File                     
                ---------  ---------  ---------  --------- ---------                
                       L1   0x000018    program     static /Users/Aarambh/Documents/HDD RECOVERY/MPLABXProjects/exam.X/Q1.asm
                       L2   0x000036    program     static /Users/Aarambh/Documents/HDD RECOVERY/MPLABXProjects/exam.X/Q1.asm
                       L3   0x00004c    program     static /Users/Aarambh/Documents/HDD RECOVERY/MPLABXProjects/exam.X/Q1.asm
                       L4   0x000046    program     static /Users/Aarambh/Documents/HDD RECOVERY/MPLABXProjects/exam.X/Q1.asm



                              Symbols - Sorted by Address
                     Name    Address   Location    Storage File                     
                ---------  ---------  ---------  --------- ---------                
                       L1   0x000018    program     static /Users/Aarambh/Documents/HDD RECOVERY/MPLABXProjects/exam.X/Q1.asm
                       L2   0x000036    program     static /Users/Aarambh/Documents/HDD RECOVERY/MPLABXProjects/exam.X/Q1.asm
                       L4   0x000046    program     static /Users/Aarambh/Documents/HDD RECOVERY/MPLABXProjects/exam.X/Q1.asm
                       L3   0x00004c    program     static /Users/Aarambh/Documents/HDD RECOVERY/MPLABXProjects/exam.X/Q1.asm


